echo # test >> README.md
git init
git add README.md
git commit -m "first commit"
git remote add origin https://github.com/cooljacket/test.git
git push -u origin master

Welcome to Git (version 1.9.5-preview20141217)


Run 'git help git' to display the help index.
Run 'git help <command>' to display help for specific commands.

jacket@CRT-DY /d/work/MSR_part
$ ssh -T git@github.com
The authenticity of host 'github.com (192.30.252.129)' can't be established.
RSA key fingerprint is 16:27:ac:a5:76:28:2d:36:63:1b:56:4d:eb:df:a6:48.
Are you sure you want to continue connecting (yes/no)?
Host key verification failed.

jacket@CRT-DY /d/work/MSR_part
$ ssh-keygen -t rsa -b 4096 -C "1101925754@qq.com"
Generating public/private rsa key pair.
Enter file in which to save the key (/c/Users/jacket/.ssh/id_rsa):
Created directory '/c/Users/jacket/.ssh'.
Enter passphrase (empty for no passphrase):
Enter same passphrase again:
Your identification has been saved in /c/Users/jacket/.ssh/id_rsa.
Your public key has been saved in /c/Users/jacket/.ssh/id_rsa.pub.
The key fingerprint is:
85:d0:c2:c7:4a:75:9e:41:4b:c5:57:60:7e:ef:ee:33 1101925754@qq.com
The key's randomart image is:
+--[ RSA 4096]----+
|     ..+..=o. oo.|
|      +.+= +.o.  |
|     . +. =  .. .|
|      .  .     ..|
|        S       .|
|               . |
|                .|
|               E |
|               .=|
+-----------------+

jacket@CRT-DY /d/work/MSR_part
$


jacket@CRT-DY ~/.ssh
$ ssh-add C:\Users\jacket\.ssh\id_rsa
Could not open a connection to your authentication agent.

Welcome to Git (version 1.9.5-preview20141217)


Run 'git help git' to display the help index.
Run 'git help <command>' to display help for specific commands.

jacket@CRT-DY ~/.ssh
$ ssh-agent -s
SSH_AUTH_SOCK=/tmp/ssh-QU5ocE8uNg5U/agent.4840; export SSH_AUTH_SOCK;
SSH_AGENT_PID=3252; export SSH_AGENT_PID;
echo Agent pid 3252;

jacket@CRT-DY ~/.ssh
$ ssh-add C:\Users\jacket\.ssh\id_rsa
Could not open a connection to your authentication agent.

jacket@CRT-DY ~/.ssh
$ ssh-agent bash
bash-3.1$ ssh-add C:\Users\jacket\.ssh\id_rsa
Could not open a connection to your authentication agent.
bash-3.1$ eval "$(ssh-agent)"
Agent pid 1588
bash-3.1$ ssh-add --h
Enter passphrase for /c/Users/jacket/.ssh/id_rsa:
Identity added: /c/Users/jacket/.ssh/id_rsa (/c/Users/jacket/.ssh/id_rsa)
bash-3.1$ ssh -T git@github.com
The authenticity of host 'github.com (192.30.252.128)' can't be established.
RSA key fingerprint is 16:27:ac:a5:76:28:2d:36:63:1b:56:4d:eb:df:a6:48.
Are you sure you want to continue connecting (yes/no)? yes
Warning: Permanently added 'github.com,192.30.252.128' (RSA) to the list of know
n hosts.
Hi cooljacket! You've successfully authenticated, but GitHub does not provide sh
ell access.
bash-3.1$ jacket@CRT-DY ~/.ssh
bash: jacket@CRT-DY: command not found
bash-3.1$ $ ssh-add C:\Users\jacket\.ssh\id_rsa
bash: $: command not found
bash-3.1$


MSR {
	actions := 20
	joints := 20
	subjects := 10 (each for 2 or 3 times)
	seq := 567
	challenging := noise
	solution := cross-subject test[5], 1/2 train 1/2 test //? all take this sol?
}

// need try K-means with arg(160)
UTK {
	actions := 10
	joints := 20
	subjects := 10 (each for 2 times)
	seq := 199?
	challenging := view point, high intra-class variations
	solution := cross-subject test[42], half of subjects for train or test
}

FLOA {
	actions := 9
	joints := 15
	subjects := 10
	seq := 215
	challenging := involve human-object interactions
	solution := leave-one-subject-out cross validation[10]
}

MHAD {
	actions := 10
	joints := 25
	subjects := 12 (each for 2 times)
	seq := 24 (each has 10 actions by a subject)
	challenging := high inter-class similarity and intra-class variations
	solution := cross-subject test, half of subjects for train or test
}

load('D:\work\task\FLOA\data\test_data.mat');
load('D:\work\task\FLOA\data\test_label.mat');
load('D:\work\task\FLOA\data\train_data.mat');
load('D:\work\task\FLOA\data\train_label.mat');

s = size(train_data, 1);
qu = randi(s, 100, 1);
trl = train_label(qu, :);
trd = train_data(qu, :);

qu = randi(s, 100, 1);
tel = train_label(qu, :);
ted = train_data(qu, :);
model = svmtrain(trl, trd, '-b 1');
[p_label, accuracy, decision] = svmpredict(tel, ted, model, '-b 1');


8.11 8:50
========================
1.从MSR开始，不断扩展，优化自己的机器学习系统。
2. 版本：
1）0.00，最粗暴的原始骨骼点数据。
2）0.01，以中心为原点的骨骼点数据。
3）0.02，有正则化的骨骼点数据（？如何）
4）0.03，试一下pairwise的效果
5）0.04，试一下视角纠正？
6）0.05，


【总的思想】
1）先把特征在某个数据集上测试得好，再推广到别的数据集，因为如果自身都不好，即使别的数据集表现得好，又有
什么用呢？不是普遍可用的。
2）以上版本，为了train和test的方便，都用svm来做，记得有空做一下参数优化。
3）有了好的特征之后，再推广用别的算子来做，比如神经网络，随机森林等。
4）或许可以尝试什么DTW啊，在论文中看到的各种算法等等。